{
    "InstanceId": "i-0d7998714000f17bc",
    "Output": "Loading Linux 4.19.0-16-cloud-amd64 ...\n\rLoading initial ramdisk ...\n\r[    0.000000] Linux version 4.19.0-16-cloud-amd64 (debian-kernel@lists.debian.org) (gcc version 8.3.0 (Debian 8.3.0-6)) #1 SMP Debian 4.19.181-1 (2021-03-19)\r\n[    0.000000] Command line: BOOT_IMAGE=/boot/vmlinuz-4.19.0-16-cloud-amd64 root=UUID=1ca031f6-4004-4f8d-a861-532a0158c91f ro console=tty0 console=ttyS0,115200 earlyprintk=ttyS0,115200 elevator=noop scsi_mod.use_blk_mq=Y\r\n[    0.000000] x86/fpu: Supporting XSAVE feature 0x001: 'x87 floating point registers'\r\n[    0.000000] x86/fpu: Supporting XSAVE feature 0x002: 'SSE registers'\r\n[    0.000000] x86/fpu: Supporting XSAVE feature 0x004: 'AVX registers'\r\n[    0.000000] x86/fpu: xstate_offset[2]:  576, xstate_sizes[2]:  256\r\n[    0.000000] x86/fpu: Enabled xstate features 0x7, context size is 832 bytes, using 'standard' format.\r\n[    0.000000] BIOS-provided physical RAM map:\r\n[    0.000000] BIOS-e820: [mem 0x0000000000000000-0x000000000009dfff] usable\r\n[    0.000000] BIOS-e820: [mem 0x000000000009e000-0x000000000009ffff] reserved\r\n[    0.000000] BIOS-e820: [mem 0x00000000000e0000-0x00000000000fffff] reserved\r\n[    0.000000] BIOS-e820: [mem 0x0000000000100000-0x000000003fffffff] usable\r\n[    0.000000] BIOS-e820: [mem 0x00000000fc000000-0x00000000ffffffff] reserved\r\n[    0.000000] bootconsole [earlyser0] enabled\r\n[    0.000000] NX (Execute Disable) protection: active\r\n[    0.000000] SMBIOS 2.7 present.\r\n[    0.000000] DMI: Xen HVM domU, BIOS 4.11.amazon 08/24/2006\r\n[    0.000000] Hypervisor detected: Xen HVM\r\n[    0.000000] Xen version 4.11.\r\n[    0.000000] Netfront and the Xen platform PCI driver have been compiled for this kernel: unplug emulated NICs.\r\n[    0.000000] Blkfront and the Xen platform PCI driver have been compiled for this kernel: unplug emulated disks.\r\n[    0.000000] You might have to change the root device\r\n[    0.000000] from /dev/hd[a-d] to /dev/xvd[a-d]\r\n[    0.000000] in your root= kernel command line option\r\n[    0.021041] tsc: Fast TSC calibration using PIT\r\n[    0.024242] tsc: Detected 2400.130 MHz processor\r\n[    0.027847] tsc: Detected 2399.996 MHz TSC\r\n[    0.031789] last_pfn = 0x40000 max_arch_pfn = 0x400000000\r\n[    0.039857] x86/PAT: Configuration [0-7]: WB  WC  UC- UC  WB  WP  UC- WT  \r\nMemory KASLR using RDRAND RDTSC...\r\n[    0.051732] RAMDISK: [mem 0x366f1000-0x3736ffff]\r\n[    0.054872] ACPI: Early table checksum verification disabled\r\n[    0.058870] ACPI: RSDP 0x00000000000EA020 000024 (v02 Xen   )\r\n[    0.063087] ACPI: XSDT 0x00000000FC00C780 000054 (v01 Xen    HVM      00000000 HVML 00000000)\r\n[    0.068863] ACPI: FACP 0x00000000FC00C440 0000F4 (v04 Xen    HVM      00000000 HVML 00000000)\r\n[    0.074346] ACPI: DSDT 0x00000000FC003940 008A7E (v02 Xen    HVM      00000000 INTL 20090123)\r\n[    0.079852] ACPI: FACS 0x00000000FC003900 000040\r\n[    0.082742] ACPI: FACS 0x00000000FC003900 000040\r\n[    0.085661] ACPI: APIC 0x00000000FC00C540 0000D8 (v02 Xen    HVM      00000000 HVML 00000000)\r\n[    0.091211] ACPI: HPET 0x00000000FC00C690 000038 (v01 Xen    HVM      00000000 HVML 00000000)\r\n[    0.096904] ACPI: WAET 0x00000000FC00C6D0 000028 (v01 Xen    HVM      00000000 HVML 00000000)\r\n[    0.102363] ACPI: SSDT 0x00000000FC00C700 000031 (v02 Xen    HVM      00000000 INTL 20090123)\r\n[    0.108049] ACPI: SSDT 0x00000000FC00C740 000033 (v02 Xen    HVM      00000000 INTL 20090123)\r\n[    0.113770] No NUMA configuration found\r\n[    0.116139] Faking a node at [mem 0x0000000000000000-0x000000003fffffff]\r\n[    0.120709] NODE_DATA(0) allocated [mem 0x3fffb000-0x3fffffff]\r\n[    0.124733] Zone ranges:\r\n[    0.126504]   DMA      [mem 0x0000000000001000-0x0000000000ffffff]\r\n[    0.130675]   DMA32    [mem 0x0000000001000000-0x000000003fffffff]\r\n[    0.134893]   Normal   empty\r\n[    0.136874]   Device   empty\r\n[    0.138912] Movable zone start for each node\r\n[    0.141844] Early memory node ranges\r\n[    0.144286]   node   0: [mem 0x0000000000001000-0x000000000009dfff]\r\n[    0.148556]   node   0: [mem 0x0000000000100000-0x000000003fffffff]\r\n[    0.152822] Zeroed struct page in unavailable ranges: 99 pages\r\n[    0.152824] Initmem setup node 0 [mem 0x0000000000001000-0x000000003fffffff]\r\n[    0.169233] ACPI: PM-Timer IO Port: 0xb008\r\n[    0.172068] IOAPIC[0]: apic_id 1, version 17, address 0xfec00000, GSI 0-47\r\n[    0.176602] ACPI: INT_SRC_OVR (bus 0 bus_irq 0 global_irq 2 dfl dfl)\r\n[    0.180963] ACPI: INT_SRC_OVR (bus 0 bus_irq 5 global_irq 5 low level)\r\n[    0.185696] ACPI: INT_SRC_OVR (bus 0 bus_irq 10 global_irq 10 low level)\r\n[    0.190446] ACPI: INT_SRC_OVR (bus 0 bus_irq 11 global_irq 11 low level)\r\n[    0.195130] Using ACPI (MADT) for SMP configuration information\r\n[    0.199298] ACPI: HPET id: 0x8086a201 base: 0xfed00000\r\n[    0.203031] TSC deadline timer available\r\n[    0.205769] smpboot: Allowing 15 CPUs, 14 hotplug CPUs\r\n[    0.209316] PM: Registered nosave memory: [mem 0x00000000-0x00000fff]\r\n[    0.213880] PM: Registered nosave memory: [mem 0x0009e000-0x0009ffff]\r\n[    0.218432] PM: Registered nosave memory: [mem 0x000a0000-0x000dffff]\r\n[    0.223036] PM: Registered nosave memory: [mem 0x000e0000-0x000fffff]\r\n[    0.227922] [mem 0x40000000-0xfbffffff] available for PCI devices\r\n[    0.232360] Booting paravirtualized kernel on Xen HVM\r\n[    0.236096] clocksource: refined-jiffies: mask: 0xffffffff max_cycles: 0xffffffff, max_idle_ns: 7645519600211568 ns\r\n[    0.320272] random: get_random_bytes called from start_kernel+0x93/0x520 with crng_init=0\r\n[    0.326023] setup_percpu: NR_CPUS:512 nr_cpumask_bits:512 nr_cpu_ids:15 nr_node_ids:1\r\n[    0.332353] percpu: Embedded 44 pages/cpu s141912 r8192 d30120 u262144\r\n[    0.337003] PV qspinlock hash table entries: 256 (order: 0, 4096 bytes)\r\n[    0.341592] Built 1 zonelists, mobility grouping on.  Total pages: 257928\r\n[    0.346297] Policy zone: DMA32\r\n[    0.348390] Kernel command line: BOOT_IMAGE=/boot/vmlinuz-4.19.0-16-cloud-amd64 root=UUID=1ca031f6-4004-4f8d-a861-532a0158c91f ro console=tty0 console=ttyS0,115200 earlyprintk=ttyS0,115200 elevator=noop scsi_mod.use_blk_mq=Y\r\n[    0.365006] Memory: 993576K/1048180K available (10252K kernel code, 1105K rwdata, 2760K rodata, 1480K init, 836K bss, 54604K reserved, 0K cma-reserved)\r\n[    0.374780] SLUB: HWalign=64, Order=0-3, MinObjects=0, CPUs=15, Nodes=1\r\n[    0.379520] Kernel/User page tables isolation: enabled\r\n[    0.383331] ftrace: allocating 27483 entries in 108 pages\r\n[    0.397110] rcu: Hierarchical RCU implementation.\r\n[    0.400596] rcu: \tRCU restricting CPUs from NR_CPUS=512 to nr_cpu_ids=15.\r\n[    0.405498] rcu: Adjusting geometry for rcu_fanout_leaf=16, nr_cpu_ids=15\r\n[    0.412570] NR_IRQS: 33024, nr_irqs: 952, preallocated irqs: 16\r\n[    0.416730] xen:events: Using 2-level ABI\r\n[    0.419534] xen:events: Xen HVM callback vector for event delivery is enabled\r\n[    0.458099] Console: colour VGA+ 80x25\r\n[    0.542551] console [tty0] enabled\r\n[    0.545906] Cannot get hvm parameter CONSOLE_EVTCHN (18): -22!\r\n[    0.551527] console [ttyS0] enabled\r\n[    0.551527] console [ttyS0] enabled\r\n[    0.557756] bootconsole [earlyser0] disabled\r\n[    0.557756] bootconsole [earlyser0] disabled\r\n[    0.564953] ACPI: Core revision 20180810\r\n[    0.571893] clocksource: hpet: mask: 0xffffffff max_cycles: 0xffffffff, max_idle_ns: 30580167144 ns\r\n[    0.579808] APIC: Switch to symmetric I/O mode setup\r\n[    0.584987] x2apic: IRQ remapping doesn't support X2APIC mode\r\n[    0.590759] Switched APIC routing to physical flat.\r\n[    0.597525] ..TIMER: vector=0x30 apic1=0 pin1=2 apic2=0 pin2=0\r\n[    0.620152] clocksource: tsc-early: mask: 0xffffffffffffffff max_cycles: 0x229833f6470, max_idle_ns: 440795327230 ns\r\n[    0.629280] Calibrating delay loop (skipped), value calculated using timer frequency.. 4799.99 BogoMIPS (lpj=9599984)\r\n[    0.637274] pid_max: default: 32768 minimum: 301\r\n[    0.641306] Security Framework initialized\r\n[    0.645274] Yama: disabled by default; enable with sysctl kernel.yama.*\r\n[    0.649292] AppArmor: AppArmor initialized\r\n[    0.653435] Dentry cache hash table entries: 131072 (order: 8, 1048576 bytes)\r\n[    0.661352] Inode-cache hash table entries: 65536 (order: 7, 524288 bytes)\r\n[    0.665284] Mount-cache hash table entries: 2048 (order: 2, 16384 bytes)\r\n[    0.673277] Mountpoint-cache hash table entries: 2048 (order: 2, 16384 bytes)\r\n[    0.677531] Last level iTLB entries: 4KB 1024, 2MB 1024, 4MB 1024\r\n[    0.685274] Last level dTLB entries: 4KB 1024, 2MB 1024, 4MB 1024, 1GB 4\r\n[    0.689274] Spectre V1 : Mitigation: usercopy/swapgs barriers and __user pointer sanitization\r\n[    0.697274] Spectre V2 : Mitigation: Full generic retpoline\r\n[    0.701273] Spectre V2 : Spectre v2 / SpectreRSB mitigation: Filling RSB on context switch\r\n[    0.709274] Speculative Store Bypass: Vulnerable\r\n[    0.713296] MDS: Vulnerable: Clear CPU buffers attempted, no microcode\r\n[    0.725032] clocksource: xen: mask: 0xffffffffffffffff max_cycles: 0x1cd42e4dffb, max_idle_ns: 881590591483 ns\r\n[    0.729287] installing Xen timer for CPU 0\r\n[    0.733348] smpboot: CPU0: Intel(R) Xeon(R) CPU E5-2676 v3 @ 2.40GHz (family: 0x6, model: 0x3f, stepping: 0x2)\r\n[    0.737312] cpu 0 spinlock event irq 53\r\n[    0.740915] Performance Events: unsupported p6 CPU model 63 no PMU driver, software events only.\r\n[    0.741312] rcu: Hierarchical SRCU implementation.\r\n[    0.745535] random: crng done (trusting CPU's manufacturer)\r\n[    0.749301] NMI watchdog: Perf NMI watchdog permanently disabled\r\n[    0.753427] smp: Bringing up secondary CPUs ...\r\n[    0.757278] smp: Brought up 1 node, 1 CPU\r\n[    0.760980] smpboot: Max logical packages: 15\r\n[    0.761277] smpboot: Total of 1 processors activated (4799.99 BogoMIPS)\r\n[    0.769536] devtmpfs: initialized\r\n[    0.772833] x86/mm: Memory block size: 128MB\r\n[    0.773519] clocksource: jiffies: mask: 0xffffffff max_cycles: 0xffffffff, max_idle_ns: 7645041785100000 ns\r\n[    0.777296] futex hash table entries: 4096 (order: 6, 262144 bytes)\r\n[    0.781445] NET: Registered protocol family 16\r\n[    0.785370] audit: initializing netlink subsys (disabled)\r\n[    0.789408] ACPI: bus type PCI registered\r\n[    0.793142] acpiphp: ACPI Hot Plug PCI Controller Driver version: 0.5\r\n[    0.793282] audit: type=2000 audit(1624235547.546:1): state=initialized audit_enabled=0 res=1\r\n[    0.797661] PCI: Using configuration type 1 for base access\r\n[    0.801824] HugeTLB registered 2.00 MiB page size, pre-allocated 0 pages\r\n[    0.805450] ACPI: Added _OSI(Module Device)\r\n[    0.809205] ACPI: Added _OSI(Processor Device)\r\n[    0.809280] ACPI: Added _OSI(3.0 _SCP Extensions)\r\n[    0.813278] ACPI: Added _OSI(Processor Aggregator Device)\r\n[    0.817282] ACPI: Added _OSI(Linux-Dell-Video)\r\n[    0.821130] ACPI: Added _OSI(Linux-Lenovo-NV-HDMI-Audio)\r\n[    0.826527] ACPI: 3 ACPI AML tables successfully acquired and loaded\r\n[    0.830999] ACPI: Interpreter enabled\r\n[    0.833287] ACPI: (supports S0 S4 S5)\r\n[    0.836494] ACPI: Using IOAPIC for interrupt routing\r\n[    0.837297] PCI: Using host bridge windows from ACPI; if necessary, use \"pci=nocrs\" and report a bug\r\n[    0.841553] ACPI: Enabled 2 GPEs in block 00 to 0F\r\n[    0.864778] ACPI: PCI Root Bridge [PCI0] (domain 0000 [bus 00-ff])\r\n[    0.865285] acpi PNP0A03:00: _OSC: OS supports [ASPM ClockPM Segments MSI]\r\n[    0.869284] acpi PNP0A03:00: _OSC failed (AE_NOT_FOUND); disabling ASPM\r\n[    0.873287] acpi PNP0A03:00: fail to add MMCONFIG information, can't access extended PCI configuration space under this bridge.\r\n[    0.878353] acpiphp: Slot [0] registered\r\n[    0.882650] acpiphp: Slot [3] registered\r\n[    0.885806] acpiphp: Slot [4] registered\r\n[    0.889801] acpiphp: Slot [5] registered\r\n[    0.893803] acpiphp: Slot [6] registered\r\n[    0.897808] acpiphp: Slot [7] registered\r\n[    0.901801] acpiphp: Slot [8] registered\r\n[    0.905802] acpiphp: Slot [9] registered\r\n[    0.909805] acpiphp: Slot [10] registered\r\n[    0.913790] acpiphp: Slot [11] registered\r\n[    0.917820] acpiphp: Slot [12] registered\r\n[    0.921788] acpiphp: Slot [13] registered\r\n[    0.925792] acpiphp: Slot [14] registered\r\n[    0.929789] acpiphp: Slot [15] registered\r\n[    0.933792] acpiphp: Slot [16] registered\r\n[    0.937796] acpiphp: Slot [17] registered\r\n[    0.941777] acpiphp: Slot [18] registered\r\n[    0.945779] acpiphp: Slot [19] registered\r\n[    0.949803] acpiphp: Slot [20] registered\r\n[    0.953785] acpiphp: Slot [21] registered\r\n[    0.957772] acpiphp: Slot [22] registered\r\n[    0.961779] acpiphp: Slot [23] registered\r\n[    0.965781] acpiphp: Slot [24] registered\r\n[    0.969858] acpiphp: Slot [25] registered\r\n[    0.973900] acpiphp: Slot [26] registered\r\n[    0.977788] acpiphp: Slot [27] registered\r\n[    0.981796] acpiphp: Slot [28] registered\r\n[    0.985795] acpiphp: Slot [29] registered\r\n[    0.989793] acpiphp: Slot [30] registered\r\n[    0.993795] acpiphp: Slot [31] registered\r\n[    0.997709] PCI host bridge to bus 0000:00\r\n[    1.001279] pci_bus 0000:00: root bus resource [io  0x0000-0x0cf7 window]\r\n[    1.005279] pci_bus 0000:00: root bus resource [io  0x0d00-0xffff window]\r\n[    1.009278] pci_bus 0000:00: root bus resource [mem 0x000a0000-0x000bffff window]\r\n[    1.013278] pci_bus 0000:00: root bus resource [mem 0xf0000000-0xfbffffff window]\r\n[    1.017278] pci_bus 0000:00: root bus resource [bus 00-ff]\r\n[    1.029764] pci 0000:00:01.1: legacy IDE quirk: reg 0x10: [io  0x01f0-0x01f7]\r\n[    1.033278] pci 0000:00:01.1: legacy IDE quirk: reg 0x14: [io  0x03f6]\r\n[    1.037278] pci 0000:00:01.1: legacy IDE quirk: reg 0x18: [io  0x0170-0x0177]\r\n[    1.041277] pci 0000:00:01.1: legacy IDE quirk: reg 0x1c: [io  0x0376]\r\n[    1.046206] * Found PM-Timer Bug on the chipset. Due to workarounds for a bug,\r\n[    1.046206] * this clock source is slow. Consider trying other clock sources\r\n[    1.051403] pci 0000:00:01.3: quirk: [io  0xb000-0xb03f] claimed by PIIX4 ACPI\r\n[    1.063604] ACPI: PCI Interrupt Link [LNKA] (IRQs *5 10 11)\r\n[    1.065538] ACPI: PCI Interrupt Link [LNKB] (IRQs 5 *10 11)\r\n[    1.069547] ACPI: PCI Interrupt Link [LNKC] (IRQs 5 10 *11)\r\n[    1.073539] ACPI: PCI Interrupt Link [LNKD] (IRQs *5 10 11)\r\n[    1.086193] xen:balloon: Initialising balloon driver\r\n[    1.089386] pci 0000:00:02.0: vgaarb: setting as boot VGA device\r\n[    1.093272] pci 0000:00:02.0: vgaarb: VGA device added: decodes=io+mem,owns=io+mem,locks=none\r\n[    1.093278] pci 0000:00:02.0: vgaarb: bridge control possible\r\n[    1.097277] vgaarb: loaded\r\n[    1.100088] PCI: Using ACPI for IRQ routing\r\n[    1.102023] HPET: 3 timers in total, 0 timers will be used for per-cpu timer\r\n[    1.105292] hpet0: at MMIO 0xfed00000, IRQs 2, 8, 0\r\n[    1.109278] hpet0: 3 comparators, 64-bit 62.500000 MHz counter\r\n[    1.115330] clocksource: Switched to clocksource xen\r\n[    1.125882] VFS: Disk quotas dquot_6.6.0\r\n[    1.129656] VFS: Dquot-cache hash table entries: 512 (order 0, 4096 bytes)\r\n[    1.135819] AppArmor: AppArmor Filesystem Enabled\r\n[    1.140194] pnp: PnP ACPI init\r\n[    1.143327] system 00:00: [mem 0x00000000-0x0009ffff] could not be reserved\r\n[    1.149532] system 00:01: [io  0x08a0-0x08a3] has been reserved\r\n[    1.154809] system 00:01: [io  0x0cc0-0x0ccf] has been reserved\r\n[    1.160014] system 00:01: [io  0x04d0-0x04d1] has been reserved\r\n[    1.165509] system 00:07: [io  0x10c0-0x1141] has been reserved\r\n[    1.170774] system 00:07: [io  0xb044-0xb047] has been reserved\r\n[    1.185135] pnp: PnP ACPI: found 8 devices\r\n[    1.194352] clocksource: acpi_pm: mask: 0xffffff max_cycles: 0xffffff, max_idle_ns: 2085701024 ns\r\n[    1.202283] NET: Registered protocol family 2\r\n[    1.206536] tcp_listen_portaddr_hash hash table entries: 512 (order: 1, 8192 bytes)\r\n[    1.213091] TCP established hash table entries: 8192 (order: 4, 65536 bytes)\r\n[    1.219255] TCP bind hash table entries: 8192 (order: 5, 131072 bytes)\r\n[    1.224847] TCP: Hash tables configured (established 8192 bind 8192)\r\n[    1.230349] UDP hash table entries: 512 (order: 2, 16384 bytes)\r\n[    1.235596] UDP-Lite hash table entries: 512 (order: 2, 16384 bytes)\r\n[    1.241187] NET: Registered protocol family 1\r\n[    1.245192] NET: Registered protocol family 44\r\n[    1.249204] pci 0000:00:01.0: PIIX3: Enabling Passive Release\r\n[    1.254260] pci 0000:00:00.0: Limiting direct PCI/PCI transfers\r\n[    1.259397] pci 0000:00:01.0: Activating ISA DMA hang workarounds\r\n[    1.264947] pci 0000:00:02.0: Video device with shadowed ROM at [mem 0x000c0000-0x000dffff]\r\n[    1.272362] Unpacking initramfs...\r\n[    1.447957] Freeing initrd memory: 12796K\r\n[    1.453651] Initialise system trusted keyrings\r\n[    1.457676] Key type blacklist registered\r\n[    1.461515] workingset: timestamp_bits=40 max_order=18 bucket_order=0\r\n[    1.468276] zbud: loaded\r\n[    1.608716] Key type asymmetric registered\r\n[    1.612615] Asymmetric key parser 'x509' registered\r\n[    1.617164] Block layer SCSI generic (bsg) driver version 0.4 loaded (major 250)\r\n[    1.623896] io scheduler noop registered (default)\r\n[    1.628492] io scheduler deadline registered\r\n[    1.641581] xen:grant_table: Grant tables using version 1 layout\r\n[    1.647017] Grant table initialized\r\n[    1.650522] Cannot get hvm parameter CONSOLE_EVTCHN (18): -22!\r\n[    1.655701] Serial: 8250/16550 driver, 4 ports, IRQ sharing enabled\r\n[    1.692047] 00:06: ttyS0 at I/O 0x3f8 (irq = 4, base_baud = 115200) is a 16550A\r\n[    1.699374] i8042: PNP: PS/2 Controller [PNP0303:PS2K,PNP0f13:PS2M] at 0x60,0x64 irq 1,12\r\n[    1.710419] serio: i8042 KBD port at 0x60,0x64 irq 1\r\n[    1.715927] serio: i8042 AUX port at 0x60,0x64 irq 12\r\n[    1.722097] mousedev: PS/2 mouse device common for all mice\r\n[    1.729750] input: AT Translated Set 2 keyboard as /devices/platform/i8042/serio0/input/input0\r\n[    1.739758] rtc_cmos 00:02: registered as rtc0\r\n[    1.745330] rtc_cmos 00:02: alarms up to one day, 114 bytes nvram, hpet irqs\r\n[    1.754216] NET: Registered protocol family 10\r\n[    1.763707] Segment Routing with IPv6\r\n[    1.767293] mip6: Mobile IPv6\r\n[    1.770264] NET: Registered protocol family 17\r\n[    1.774493] mpls_gso: MPLS GSO support\r\n[    1.778388] sched_clock: Marking stable (1625799230, 152549690)->(2059244491, -280895571)\r\n[    1.786229] registered taskstats version 1\r\n[    1.790317] Loading compiled-in X.509 certificates\r\n[    1.828607] Loaded X.509 cert 'Debian Secure Boot CA: 6ccece7e4c6c0d1f6149f3dd27dfcc5cbb419ea1'\r\n[    1.836968] Loaded X.509 cert 'Debian Secure Boot Signer 2021 - linux: 4b6ef5abca669825178e052c84667ccbc0531f8c'\r\n[    1.846547] AppArmor: AppArmor sha1 policy hashing enabled\r\n[    1.852153] xenbus_probe_frontend: Device with no driver: device/vbd/51712\r\n[    1.858904] xenbus_probe_frontend: Device with no driver: device/vif/0\r\n[    1.865347] rtc_cmos 00:02: setting system clock to 2021-06-21 00:32:28 UTC (1624235548)\r\n[    1.875466] Freeing unused kernel image memory: 1480K\r\n[    1.885295] Write protecting the kernel read-only data: 16384k\r\n[    1.891647] Freeing unused kernel image memory: 2028K\r\n[    1.896925] Freeing unused kernel image memory: 1336K\r\n[    1.901929] x86/mm: Checked W+X mappings: passed, no W+X pages found.\r\n[    1.907935] x86/mm: Checking user space page tables\r\n[    1.912498] x86/mm: Checked W+X mappings: passed, no W+X pages found.\r\n[    1.921050] Run /init as init process\r\nLoading, please wait...\r\nStarting version 241\r\n[    2.033673] cryptd: max_cpu_qlen set to 1000\r\n[    2.040277] Invalid max_queues (4), will use default max: 1.\r\n[    2.046799] xen_netfront: Initialising Xen virtual ethernet driver\r\n[    2.065411] SCSI subsystem initialized\r\n[    2.081906] AVX2 version of gcm_enc/dec engaged.\r\n[    2.086232] AES CTR mode by8 optimization enabled\r\n[    2.098381] blkfront: xvda: barrier or flush: disabled; persistent grants: disabled; indirect descriptors: enabled;\r\n[    2.113876] scsi host0: ata_piix\r\n[    2.118804] scsi host1: ata_piix\r\n[    2.123439] ata1: PATA max MWDMA2 cmd 0x1f0 ctl 0x3f6 bmdma 0xc100 irq 14\r\n[    2.131428] ata2: PATA max MWDMA2 cmd 0x170 ctl 0x376 bmdma 0xc108 irq 15\r\n[    2.146559]  xvda: xvda1 xvda14 xvda15\r\nBegin: Loading essential drivers ... done.\r\nBegin: Running /scripts/init-premount ... done.\r\nBegin: Mounting root file system ... Begin: Running /scripts/local-top ... done.\r\nBegin: Running /scripts/local-premount ... done.\r\nWarning: fsck not present, so skipping root file system\r\n[    2.458983] EXT4-fs (xvda1): mounted filesystem with ordered data mode. Opts: (null)\r\n[    2.468610] tsc: Refined TSC clocksource calibration: 2399.996 MHz\r\n[    2.476304] clocksource: tsc: mask: 0xffffffffffffffff max_cycles: 0x229833f6470, max_idle_ns: 440795327230 ns\r\ndone.\r\nBegin: Running /scripts/local-bottom ... GROWROOT: NOCHANGE: partition 1 is size 20709343. it cannot be grown\r\ndone.\r\nBegin: Running /scripts/init-bottom ... done.\r\n[    3.657663] systemd[1]: Inserted module 'autofs4'\r\n[    3.673010] systemd[1]: systemd 241 running in system mode. (+PAM +AUDIT +SELINUX +IMA +APPARMOR +SMACK +SYSVINIT +UTMP +LIBCRYPTSETUP +GCRYPT +GNUTLS +ACL +XZ +LZ4 +SECCOMP +BLKID +ELFUTILS +KMOD -IDN2 +IDN -PCRE2 default-hierarchy=hybrid)\r\n[    3.685643] systemd[1]: Detected virtualization xen.\r\n[    3.688739] systemd[1]: Detected architecture x86-64.\r\n\r\nWelcome to \u001b[1mDebian GNU/Linux 10 (buster)\u001b[0m!\r\n\r\n[    3.697874] systemd[1]: Set hostname to <ip-10-10-99-86>.\r\n[    4.322123] systemd[1]: /etc/systemd/system/bitnami.service:16: Support for option SysVStartPriority= has been removed and it is ignored\r\n[    4.529787] systemd[1]: Reached target Remote File Systems.\r\n[\u001b[0;32m  OK  \u001b[0m] Reached target \u001b[0;1;39mRemote File Systems\u001b[0m.\r\n[    4.647076] systemd[1]: Listening on Journal Socket.\r\n[\u001b[0;32m  OK  \u001b[0m] Listening on \u001b[0;1;39mJournal Socket\u001b[0m.\r\n[    4.655686] systemd[1]: Starting Load Kernel Modules...\r\n         Starting \u001b[0;1;39mLoad Kernel Modules\u001b[0m...\r\n[    4.667373] systemd[1]: Starting Remount Root and Kernel File Systems...\r\n         Starting \u001b[0;1;39mRemount Root and Kernel File Systems\u001b[0m...\r\n[    4.681464] systemd[1]: Listening on udev Control Socket.\r\n[\u001b[0;32m  OK  \u001b[0m] Listening on \u001b[0;1;39mudev Control Socket\u001b[0m.[    4.693161] EXT4-fs (xvda1): re-mounted. Opts: discard,errors=remount-ro\r\n\r\n         Mounting \u001b[0;1;39mPOSIX Message Queue File System\u001b[0m...\r\n[\u001b[0;32m  OK  \u001b[0m] Set up automount \u001b[0;1;39mArbitrary…s File System Automount Point\u001b[0m.\r\n[\u001b[0;32m  OK  \u001b[0m] Listening on \u001b[0;1;39mudev Kernel Socket\u001b[0m.\r\n         Starting \u001b[0;1;39mudev Coldplug all Devices\u001b[0m...\r\n[\u001b[0;32m  OK  \u001b[0m] Listening on \u001b[0;1;39mJournal Socket (/dev/log)\u001b[0m.\r\n[\u001b[0;32m  OK  \u001b[0m] Listening on \u001b[0;1;39minitctl Compatibility Named Pipe\u001b[0m.\r\n[\u001b[0;32m  OK  \u001b[0m] Listening on \u001b[0;1;39mJournal Audit Socket\u001b[0m.\r\n[\u001b[0;32m  OK  \u001b[0m] Started \u001b[0;1;39mDispatch Password …ts to Console Directory Watch\u001b[0m.\r\n         Mounting \u001b[0;1;39mKernel Debug File System\u001b[0m...\r\n[\u001b[0;32m  OK  \u001b[0m] Listening on \u001b[0;1;39mSyslog Socket\u001b[0m.\r\n         Starting \u001b[0;1;39mJournal Service\u001b[0m...\r\n[\u001b[0;32m  OK  \u001b[0m] Reached target \u001b[0;1;39mSwap\u001b[0m.\r\n         Mounting \u001b[0;1;39mHuge Pages File System\u001b[0m...\r\n         Starting \u001b[0;1;39mCreate list of re…odes for the current kernel\u001b[0m...\r\n[\u001b[0;32m  OK  \u001b[0m] Reached target \u001b[0;1;39mSystem Time Synchronized\u001b[0m.\r\n[\u001b[0;32m  OK  \u001b[0m] Created slice \u001b[0;1;39mUser and Session Slice\u001b[0m.\r\n[\u001b[0;32m  OK  \u001b[0m] Reached target \u001b[0;1;39mSlices\u001b[0m.\r\n[\u001b[0;32m  OK  \u001b[0m] Started \u001b[0;1;39mForward Password R…uests to Wall Directory Watch\u001b[0m.\r\n[\u001b[0;32m  OK  \u001b[0m] Reached target \u001b[0;1;39mPaths\u001b[0m.\r\n[\u001b[0;32m  OK  \u001b[0m] Reached target \u001b[0;1;39mLocal Encrypted Volumes\u001b[0m.\r\n[\u001b[0;32m  OK  \u001b[0m] Created slice \u001b[0;1;39msystem-systemd\\x2dgrowfs.slice\u001b[0m.\r\n         Starting \u001b[0;1;39mGrow File System on /\u001b[0m...\r\n[\u001b[0;32m  OK  \u001b[0m] Started \u001b[0;1;39mJournal Service\u001b[0m.\r\n[    4.898143] EXT4-fs (xvda1): resizing filesystem from 2588667 to 2588667 blocks\r\n[\u001b[0;32m  OK  \u001b[0m] Started \u001b[0;1;39mLoad Kernel Modules\u001b[0m.\r\n[\u001b[0;32m  OK  \u001b[0m] Started \u001b[0;1;39mRemount Root and Kernel File Systems\u001b[0m.\r\n[\u001b[0;32m  OK  \u001b[0m] Mounted \u001b[0;1;39mPOSIX Message Queue File System\u001b[0m.\r\n[\u001b[0;32m  OK  \u001b[0m] Mounted \u001b[0;1;39mKernel Debug File System\u001b[0m.\r\n[\u001b[0;32m  OK  \u001b[0m] Mounted \u001b[0;1;39mHuge Pages File System\u001b[0m.\r\n[\u001b[0;32m  OK  \u001b[0m] Started \u001b[0;1;39mCreate list of req… nodes for the current kernel\u001b[0m.\r\n[\u001b[0;32m  OK  \u001b[0m] Started \u001b[0;1;39mGrow File System on /\u001b[0m.\r\n         Starting \u001b[0;1;39mInitial cloud-init job (pre-networking)\u001b[0m...\r\n         Starting \u001b[0;1;39mLoad/Save Random Seed\u001b[0m...\r\n         Starting \u001b[0;1;39mCreate System Users\u001b[0m...\r\n         Starting \u001b[0;1;39mApply Kernel Variables\u001b[0m...\r\n         Starting \u001b[0;1;39mFlush Journal to Persistent Storage\u001b[0m...\r\n[\u001b[0;32m  OK  \u001b[0m] Started \u001b[0;1;39mudev Coldplug all Devices\u001b[0m.\r\n[\u001b[0;32m  OK  \u001b[0m] Started \u001b[0;1;39mLoad/Save Random Seed\u001b[0m.\r\n[\u001b[0;32m  OK  \u001b[0m] Started \u001b[0;1;39mCreate System Users\u001b[0m.\r\n[    5.050396] systemd-journald[227]: Received request to flush runtime journal from PID 1\r\n         Starting \u001b[0;1;39mCreate Static Device Nodes in /dev\u001b[0m...\r\n         Starting \u001b[0;1;39mHelper to synchronize boot up for ifupdown\u001b[0m...\r\n[\u001b[0;32m  OK  \u001b[0m] Started \u001b[0;1;39mFlush Journal to Persistent Storage\u001b[0m.\r\n[\u001b[0;32m  OK  \u001b[0m] Started \u001b[0;1;39mHelper to synchronize boot up for ifupdown\u001b[0m.\r\n[\u001b[0;32m  OK  \u001b[0m] Started \u001b[0;1;39mCreate Static Device Nodes in /dev\u001b[0m.\r\n         Starting \u001b[0;1;39mudev Kernel Device Manager\u001b[0m...\r\n[\u001b[0;32m  OK  \u001b[0m] Reached target \u001b[0;1;39mLocal File Systems (Pre)\u001b[0m.\r\n[\u001b[0;32m  OK  \u001b[0m] Started \u001b[0;1;39mApply Kernel Variables\u001b[0m.\r\n[\u001b[0;32m  OK  \u001b[0m] Started \u001b[0;1;39mudev Kernel Device Manager\u001b[0m.\r\n[    5.458722] RAPL PMU: API unit is 2^-32 Joules, 3 fixed counters, 655360 ms ovfl timer\r\n[    5.466775] RAPL PMU: hw unit of domain pp0-core 2^-14 Joules\r\n[    5.473849] RAPL PMU: hw unit of domain package 2^-14 Joules\r\n[    5.480759] RAPL PMU: hw unit of domain dram 2^-16 Joules\r\n[    5.526749] input: Power Button as /devices/LNXSYSTM:00/LNXPWRBN:00/input/input2\r\n[    5.568937] ACPI: Power Button [PWRF]\r\n[    5.589643] input: Sleep Button as /devices/LNXSYSTM:00/LNXSLPBN:00/input/input3\r\n[    5.625353] ACPI: Sleep Button [SLPF]\r\n[\u001b[0;32m  OK  \u001b[0m] Found device \u001b[0;1;39m/sys/subsystem/net/devices/eth0\u001b[0m.\r\n[\u001b[0;32m  OK  \u001b[0m] Found device \u001b[0;1;39m/dev/disk/by-uuid/0B7A-BAA1\u001b[0m.\r\n         Mounting \u001b[0;1;39m/boot/efi\u001b[0m...\r\n[\u001b[0;32m  OK  \u001b[0m] Mounted \u001b[0;1;39m/boot/efi\u001b[0m.\r\n[\u001b[0;32m  OK  \u001b[0m] Reached target \u001b[0;1;39mLocal File Systems\u001b[0m.\r\n         Starting \u001b[0;1;39mCreate Volatile Files and Directories\u001b[0m...\r\n         Starting \u001b[0;1;39mLoad AppArmor profiles\u001b[0m...\r\n[\u001b[0;32m  OK  \u001b[0m] Started \u001b[0;1;39mCreate Volatile Files and Directories\u001b[0m.\r\n         Starting \u001b[0;1;39mUpdate UTMP about System Boot/Shutdown\u001b[0m...\r\n[\u001b[0;32m  OK  \u001b[0m] Started \u001b[0;1;39mUpdate UTMP about System Boot/Shutdown\u001b[0m.\r\n[    9.121391] audit: type=1400 audit(1624235555.748:2): apparmor=\"STATUS\" operation=\"profile_load\" profile=\"unconfined\" name=\"/usr/sbin/tcpdump\" pid=309 comm=\"apparmor_parser\"\r\n[    9.141108] audit: type=1400 audit(1624235555.768:3): apparmor=\"STATUS\" operation=\"profile_load\" profile=\"unconfined\" name=\"nvidia_modprobe\" pid=313 comm=\"apparmor_parser\"\r\n[    9.153636] audit: type=1400 audit(1624235555.768:4): apparmor=\"STATUS\" operation=\"profile_load\" profile=\"unconfined\" name=\"nvidia_modprobe//kmod\" pid=313 comm=\"apparmor_parser\"\r\n[    9.295330] audit: type=1400 audit(1624235555.924:5): apparmor=\"STATUS\" operation=\"profile_load\" profile=\"unconfined\" name=\"/usr/sbin/chronyd\" pid=315 comm=\"apparmor_parser\"\r\n[    9.309762] audit: type=1400 audit(1624235555.940:6): apparmor=\"STATUS\" operation=\"profile_load\" profile=\"unconfined\" name=\"/usr/sbin/haveged\" pid=317 comm=\"apparmor_parser\"\r\n[\u001b[0;32m  OK  \u001b[0m] Started \u001b[0;1;39mLoad AppArmor profiles\u001b[0m.[    9.330041] audit: type=1400 audit(1624235555.956:7): apparmor=\"STATUS\" operation=\"profile_load\" profile=\"unconfined\" name=\"/usr/bin/man\" pid=318 comm=\"apparmor_parser\"\r\n\r\n[    9.343825] audit: type=1400 audit(1624235555.956:8): apparmor=\"STATUS\" operation=\"profile_load\" profile=\"unconfined\" name=\"man_filter\" pid=318 comm=\"apparmor_parser\"\r\n[\u001b[0;32m  OK  \u001b[0m] Started \u001b[0;1;39mEntropy daemon using the HAVEGE algorithm\u001b[0m.\r\n[    9.366208] audit: type=1400 audit(1624235555.956:9): apparmor=\"STATUS\" operation=\"profile_load\" profile=\"unconfined\" name=\"man_groff\" pid=318 comm=\"apparmor_parser\"\r\n[   59.294512] cloud-init[232]: Cloud-init v. 20.2 running 'init-local' at Mon, 21 Jun 2021 00:32:34 +0000. Up 7.35 seconds.\r\n[\u001b[0;32m  OK  \u001b[0m] Started \u001b[0;1;39mInitial cloud-init job (pre-networking)\u001b[0m.\r\n[\u001b[0;32m  OK  \u001b[0m] Reached target \u001b[0;1;39mNetwork (Pre)\u001b[0m.\r\n[\u001b[0;32m  OK  \u001b[0m] Started \u001b[0;1;39mifup for eth0\u001b[0m.\r\n         Starting \u001b[0;1;39mRaise network interfaces\u001b[0m...\r\n[\u001b[0;32m  OK  \u001b[0m] Started \u001b[0;1;39mRaise network interfaces\u001b[0m.\r\n[\u001b[0;32m  OK  \u001b[0m] Reached target \u001b[0;1;39mNetwork\u001b[0m.\r\n         Starting \u001b[0;1;39mInitial cloud-ini… (metadata service crawler)\u001b[0m...\r\n[   61.261333] cloud-init[461]: Cloud-init v. 20.2 running 'init' at Mon, 21 Jun 2021 00:33:27 +0000. Up 61.14 seconds.\r\n[   61.274065] cloud-init[461]: ci-info: ++++++++++++++++++++++++++++++++++++++Net device info++++++++++++++++++++++++++++++++++++++\r\n[   61.286323] cloud-init[461]: ci-info: +--------+------+----------------------------+---------------+--------+-------------------+\r\n[   61.299063] cloud-init[461]: ci-info: | Device |  Up  |          Address           |      Mask     | Scope  |     Hw-Address    |\r\n[   61.316182] cloud-init[461]: ci-info: +--------+------+----------------------------+---------------+--------+-------------------+\r\n[   61.329348] cloud-init[461]: ci-info: |  eth0  | True |       172.31.22.144        | 255.255.240.0 | global | 02:b7:2a:d3:e0:b5 |\r\n[   61.343349] cloud-init[461]: ci-info: |  eth0  | True | fe80::b7:2aff:fed3:e0b5/64 |       .       |  link  | 02:b7:2a:d3:e0:b5 |\r\n[   61.361456] cloud-init[461]: ci-info: |   lo   | True |         127.0.0.1          |   255.0.0.0   |  host  |         .         |\r\n[   61.377550] cloud-init[461]: ci-info: |   lo   | True |          ::1/128           |       .       |  host  |         .         |\r\n[   61.390255] cloud-init[461]: ci-info: +--------+------+----------------------------+---------------+--------+-------------------+\r\n[   61.401254] cloud-init[461]: ci-info: +++++++++++++++++++++++++++++Route IPv4 info+++++++++++++++++++++++++++++\r\n[   61.412427] cloud-init[461]: ci-info: +-------+-------------+-------------+---------------+-----------+-------+\r\n[   61.421577] cloud-init[461]: ci-info: | Route | Destination |   Gateway   |    Genmask    | Interface | Flags |\r\n[   61.430291] cloud-init[461]: ci-info: +-------+-------------+-------------+---------------+-----------+-------+\r\n[   61.438867] cloud-init[461]: ci-info: |   0   |   0.0.0.0   | 172.31.16.1 |    0.0.0.0    |    eth0   |   UG  |\r\n[   61.447440] cloud-init[461]: ci-info: |   1   | 172.31.16.0 |   0.0.0.0   | 255.255.240.0 |    eth0   |   U   |\r\n[   61.455490] cloud-init[461]: ci-info: +-------+-------------+-------------+---------------+-----------+-------+\r\n[   61.463929] cloud-init[461]: ci-info: +++++++++++++++++++Route IPv6 info+++++++++++++++++++\r\n[   61.471290] cloud-init[461]: ci-info: +-------+-------------+---------+-----------+-------+\r\n[   61.478623] cloud-init[461]: ci-info: | Route | Destination | Gateway | Interface | Flags |\r\n[   61.485805] cloud-init[461]: ci-info: +-------+-------------+---------+-----------+-------+\r\n[   61.492915] cloud-init[461]: ci-info: |   1   |  fe80::/64  |    ::   |    eth0   |   U   |\r\n[   61.500157] cloud-init[461]: ci-info: |   3   |    local    |    ::   |    eth0   |   U   |\r\n[   61.507564] cloud-init[461]: ci-info: |   4   |  multicast  |    ::   |    eth0   |   U   |\r\n[   61.514953] cloud-init[461]: ci-info: +-------+-------------+---------+-----------+-------+\r\n[   62.151208] cloud-init[461]: Generating public/private rsa key pair.\r\n[   62.161727] cloud-init[461]: Your identification has been saved in /etc/ssh/ssh_host_rsa_key.\r\n[   62.177719] cloud-init[461]: Your public key has been saved in /etc/ssh/ssh_host_rsa_key.pub.\r\n[   62.193830] cloud-init[461]: The key fingerprint is:\r\n[   62.204894] cloud-init[461]: SHA256:gPzMop7bZobKSx4VHWE3ZM3DQ4qpmdK/moP+UpV1cRA root@ip-172-31-22-144[\u001b[0;32m  OK  \u001b[0m] Started \u001b[0;1;39mInitial cloud-init…ob (metadata service crawler)\u001b[0m.\r\n[   62.226332] cloud-init[461]: The key's randomart image is:\r\n[   62.231839] \r\n[\u001b[0;32m  OK  \u001b[0m] Reached target \u001b[0;1;39mNetwork is Online\u001b[0m.cloud-init[461]: +---[RSA 2048]----+\r\n[\u001b[0;32m  OK  \u001b[0m] Reached target \u001b[0;1;39mSystem Initialization\u001b[0m.\r\n[   62.246774] cloud-init[461]: |     +o==E+.     |\r\n[   62.251588] cloud-init\r\n[\u001b[0;32m  OK  \u001b[0m] Listening on \u001b[0;1;39mD-Bus System Message Bus Socket\u001b[0m.[461]: |   .o.*.oB.      |\r\n[   62.262392] cloud-init[461]: \r\n|   .o++.. o      |[\u001b[0;32m  OK  \u001b[0m] Started \u001b[0;1;39mDaily rotation of log files\u001b[0m.\r\n[\r\n[   62.273584] cloud-init[461]: |  . =* .         |\u001b[0;32m  OK  \u001b[0m] \r\n[   62.279702] Started \u001b[0;1;39mDaily man-db regeneration\u001b[0m.\r\n[\u001b[0;32m  OK  \u001b[0mcloud-init[461]: | . *o + S        |\r\n] Listening on \u001b[0;1;39mUUID daemon activation socket\u001b[0m.\r\n[   62.293306] cloud-init[461]: |  oo..           |[\r\n[   62.298663] cloud-init[461]: \u001b[0;32m  OK  \u001b[0m] Reached target \u001b[0;1;39mSockets\u001b[0m.| o+. .           |\r\n[   62.307824] \r\n[\u001b[0;32m  OK  \u001b[0m] Reached target \u001b[0;1;39mBasic System\u001b[0m.cloud-init[461]: |++o+= .          |\r\n[   62.318594] cloud-init[461]: \r\n         Starting \u001b[0;1;39mLogin Service\u001b[0m...|o*BO+.           |\r\n[   62.328536] \r\n         Starting \u001b[0;1;39mOpenBSD Secure Shell server\u001b[0m...cloud-init[461]: +----[SHA256]-----+\r\n[   62.346166] \r\ncloud-init[461]: Generating public/private dsa key pair.[\u001b[0;32m  OK  \u001b[0m] Started \u001b[0;1;39mD-Bus System Message Bus\u001b[0m.\r\n\r\n[   62.368571] cloud-init[461]: Your identification has been saved in /etc/ssh/ssh_host_dsa_key.         Starting \u001b[0;1;39mSystem Logging Service\u001b[0m...\r\n\r\n[   62.397664] cloud-init[461]: Your public key has been saved in /etc/ssh/ssh_host_dsa_key.pub.         Starting \u001b[0;1;39mLSB: bitnami init script\u001b[0m...\r\n\r\n         Starting \u001b[0;1;39mchrony, an NTP client/server\u001b[0m...[   62.414579] cloud-init[461]: \r\nThe key fingerprint is:\r\n[   62.424428] cloud-init[461]: SHA256:p/wD+tYRg/2XpmfKfwxELeZngPQdeDGSrvOZOHE0HYI root@ip-172-31-22-144\r\n[   62.431564] cloud-init[461]: The key's randomart image is:\r\n[   62.436503] cloud-init[461]: +---[DSA 1024]----+\r\n[   62.441028] cloud-init[461]: |           .ooo=.|\r\n[   62.445513] cloud-init[461]: |           E.=*++|\r\n[   62.449759] cloud-init[461]: |         o  .+=oo|\r\n[   62.454048] cloud-init[461]: |        . +  +o.o|\r\n[   62.458772] cloud-init[461]: |        S .+o..+ |\r\n[   62.463729] cloud-init[461]: |       ..o.+..=  |\r\n[   62.468104] cloud-init[461]: |       .oo .*+oo |\r\n[   62.472537] cloud-init[461]: |      . ..o+.+o o|\r\n[   62.477619] cloud-init[461]: |       o. ..+=.. |\r\n[   62.482280] cloud-init[461]: +----[SHA256]-----+\r\n[   62.486888] cloud-init[461]: Generating public/private ecdsa key pair.\r\n[   62.492438] cloud-init[461]: Your identification has been saved in /etc/ssh/ssh_host_ecdsa_key.\r\n[\u001b[0;32m  OK  \u001b[0m] Started \u001b[0;1;39mRegular background program processing daemon\u001b[0m.[   62.504927] cloud-init[461]: Your public key has been saved in /etc/ssh/ssh_host_ecdsa_key.pub.\r\n[\u001b[0;32m  OK  \u001b[0m] Started \u001b[0;1;39mDaily Cleanup of Temporary Directories\u001b[0m.\r\n[   62.519280] cloud-init[461]: \r\nThe key fingerprint is:         Starting \u001b[0;1;39mDeferred execution scheduler\u001b[0m...\r\n\r\n[   62.529553] cloud-init[461]: SHA256:63+PD9YRLmqFUvA0y6Yy2YF1G4sBF5vt8fPgzr7mp70 root@ip-172-31-22-144[\u001b[0;32m  OK  \u001b[0m] Started \u001b[0;1;39mDaily apt download activities\u001b[0m.\r\n\r\n[   62.545054] [cloud-init\u001b[0;32m  OK  \u001b[0m[461]: The key's randomart image is:] Started \u001b[0;1;39mDaily apt upgrade and clean activities\u001b[0m.\r\n[   62.557037] cloud-init\r\n[[461]: +---[ECDSA 256]---+\r\n[   62.563315] cloud-init\u001b[0;32m  OK  \u001b[0m] Reached target \u001b[0;1;39mTimers\u001b[0m.[461]: |      ..*.=      |\r\n[\u001b[0;32m  OK  \u001b[0m] Reached target \u001b[0;1;39mCloud-config availability\u001b[0m.\r\n[   62.579617] cloud-init[461]: |       + % *     |\r\n\r\n         Starting \u001b[0;1;39mApply the settings specified in cloud-config\u001b[0m...[   62.590044] cloud-init[461]: |      . = @   .  |\r\n\r\n[   62.601229]          cloud-initStarting \u001b[0;1;39mPermit User Sessions\u001b[0m...[461]: |       o * + . . |\r\n\r\n[   62.624763] cloud-init[461]: |      + S o * o  |[\u001b[0;32m  OK  \u001b[0m] Started \u001b[0;1;39mSystem Logging Service\u001b[0m.\r\n\r\n[   62.645983] cloud-init[\u001b[0;32m  OK  \u001b[0m] Started \u001b[0;1;39mDeferred execution scheduler\u001b[0m.[461]: |       o o + * . |\r\n[   62.664933] cloud-init[461]: \r\n[\u001b[0;32m  OK  \u001b[0m] Started \u001b[0;1;39mPermit User Sessions\u001b[0m.|        . o + o  |\r\n[   62.684769] cloud-init[461]: |       . . +o+.  |\r\n\r\n[   62.695513] cloud-init         Starting \u001b[0;1;39mRotate log files\u001b[0m...\r\n[461]: |        ...=O*E. |\r\n         Starting \u001b[0;1;39mDaily man-db regeneration\u001b[0m...[   62.717614] cloud-init[461]: +----[SHA256]-----+\r\n\r\n[\u001b[0;32m  OK  \u001b[0m[   62.729769] cloud-init[461]: Generating public/private ed25519 key pair.] Started \u001b[0;1;39mLogin Service\u001b[0m.\r\n\r\n[\u001b[0;32m  OK  \u001b[0m[   62.749682] cloud-init[461]: Your identification has been saved in /etc/ssh/ssh_host_ed25519_key.] Started \u001b[0;1;39mUnattended Upgrades Shutdown\u001b[0m.\r\n\r\n[   62.780932] cloud-init[461]: Your public key has been saved in /etc/ssh/ssh_host_ed25519_key.pub.\r\n[   62.804917] cloud-init[461]: The key fingerprint is:\r\n[\u001b[0;32m  OK  \u001b[0m] Started \u001b[0;1;39mchrony, an NTP client/server\u001b[0m.[   62.825539] cloud-init\r\n[461]: SHA256:ZaJqxTwhmIyvZLRFU3KvwNDBrMUpN5QL+EefAP/OaQE root@ip-172-31-22-144\r\n[   62.844909] cloud-init[461]: The key's randomart image is:\r\n[   62.853641] cloud-init[461]: +--[ED25519 256]--+\r\n[   62.868954] cloud-init[461]: |..BB=o           |\r\n[   62.877686] cloud-init[461]: |.=+#* .          |\r\n[   62.887180] cloud-init[461]: |.oX=Eo.o. o      |\r\n[   62.909654] cloud-init[461]: |.o+.o*+o +       |\r\n[   62.930885] cloud-init[\u001b[0;32m  OK  \u001b[0m] Started \u001b[0;1;39mOpenBSD Secure Shell server\u001b[0m.[461]: | +.. .O S        |\r\n\r\n[   62.950560] cloud-init[461]: |o.   = +         |\r\n[   62.964760] cloud-init[461]: |.   o =          |\r\n[   62.981516] cloud-init[461]: |   . .           |\r\n[   62.991579] cloud-init[461]: |                 |\r\n[   63.000931] cloud-init[461]: +----[SHA256]-----+\r\n[   63.024533] bitnami[515]: ## 2021-06-21 00:33:29+00:00 ## INFO ## Running /opt/bitnami/var/init/pre-start/010_resize_fs...\r\n[   63.048074] bitnami[515]: resize2fs 1.44.5 (15-Dec-2018)\r\n[   63.065762] bitnami[515]: resize2fs: Device or resource busy while trying to open /dev/xvda\r\n[   63.078786] bitnami[515]: Couldn't find valid filesystem superblock.\r\n[   63.088658] bitnami[515]: ## 2021-06-21 00:33:29+00:00 ## INFO ## Running /opt/bitnami/var/init/pre-start/020_hostname...\r\n[   63.111998] bitnami[515]: ## 2021-06-21 00:33:29+00:00 ## INFO ## Running /opt/bitnami/var/init/pre-start/030_swap_file...\r\n[\u001b[0;32m  OK  \u001b[0m] Started \u001b[0;1;39mRotate log files\u001b[0m.\r\n[   67.562143] cloud-init[522]: Cloud-init v. 20.2 running 'modules:config' at Mon, 21 Jun 2021 00:33:30 +0000. Up 63.26 seconds.\r\n[\u001b[0;32m  OK  \u001b[0m] Started \u001b[0;1;39mApply the settings specified in cloud-config\u001b[0m.\r\n[\u001b[0;32m  OK  \u001b[0m] Started \u001b[0;1;39mDaily man-db regeneration\u001b[0m.\r\n[   81.042638] bitnami[515]: 650000+0 records in\r\n[   81.047696] bitnami[515]: 650000+0 records out\r\n[   81.052786] bitnami[515]: 665600000 bytes (666 MB, 635 MiB) copied, 17.8452 s, 37.3 MB/s\r\n[   85.224600] bitnami[515]: Setting up swapspace version 1, size = 634.8 MiB (665595904 bytes)\r\n[   85.231818] bitnami[515]: no label, UUID=66293e16-8b88-4b4d-84dc-3963db57ba29\r\n[   85.009499] Adding 649996k swap on /mnt/.bitnami.swap.  Priority:-2 extents:15 across:2427660k SSFS\r\n[   85.262859] bitnami[515]: ## 2021-06-21 00:33:52+00:00 ## INFO ## Running /opt/bitnami/var/init/pre-start/040_check_if_demo_machine...\r\n[   86.721774] bitnami[515]: ## 2021-06-21 00:33:53+00:00 ## INFO ## Running /opt/bitnami/var/init/pre-start/050_change_boot_log_permissions...\r\n[   86.732227] bitnami[515]: ## 2021-06-21 00:33:53+00:00 ## INFO ## Running /opt/bitnami/var/init/pre-start/060_get_default_passwords...\r\n[   86.895784] bitnami[515]: #########################################################################\r\n[   86.904693] bitnami[515]: #                                                                       #\r\n[   86.912190] bitnami[515]: #        Setting Bitnami application password to 'hnYwzg1KJ5gl'         #\r\n[   86.919830] bitnami[515]: #                                                                       #\r\n[   86.927303] bitnami[515]: #########################################################################\r\n[   86.955036] bitnami[515]: ## 2021-06-21 00:33:53+00:00 ## INFO ## Running first-boot...\r\n[   90.911873] bitnami[515]: 2021-06-21T00:33:57.697Z - info: Saving configuration info to disk\r\n[   91.111760] bitnami[515]: 2021-06-21T00:33:57.898Z - info: Saving configuration info to disk\r\n[   91.122274] bitnami[515]: 2021-06-21T00:33:57.905Z - warn: No peerAddress provided. Skipping hosts file section\r\n[   91.572249] bitnami[515]: 2021-06-21T00:33:58.359Z - info: Data disk not present\r\n[   97.236756] bitnami[515]: 2021-06-21T00:34:04.018Z - info: Initializing module bnsupport\r\n[   97.247312] bitnami[515]: 2021-06-21T00:34:04.018Z - info: Initializing module gonit\r\n[   97.261753] bitnami[515]: 2021-06-21T00:34:04.019Z - info: Initializing module render-template\r\n[   97.278702] bitnami[515]: 2021-06-21T00:34:04.019Z - info: Initializing module gosu\r\n[   97.294010] bitnami[515]: 2021-06-21T00:34:04.019Z - info: Initializing module redis\r\n[   97.980868] bitnami[515]: \u001b[38;5;6mredis \u001b[38;5;5m00:34:04.34 \u001b[0m\u001b[38;5;3mWARN \u001b[0m ==> You set the environment variable ALLOW_EMPTY_PASSWORD=yes. For safety reasons, do not use this flag in a production environment.\r\n[   98.001021] bitnami[515]: \u001b[38;5;6mredis \u001b[38;5;5m00:34:04.67 \u001b[0m\u001b[38;5;2mINFO \u001b[0m ==> Initializing Redis\r\n[   98.022090] bitnami[515]: \u001b[38;5;6mredis \u001b[38;5;5m00:34:04.68 \u001b[0m\u001b[38;5;2mINFO \u001b[0m ==> Setting Redis config file\r\n[   98.046011] bitnami[515]: 2021-06-21T00:34:04.764Z - info: Initializing module git\r\n[   98.060979] bitnami[515]: 2021-06-21T00:34:04.765Z - info: Initializing module forever\r\n[   98.076409] bitnami[515]: 2021-06-21T00:34:04.765Z - info: Initializing module express-generator\r\n[   98.093837] bitnami[515]: 2021-06-21T00:34:04.765Z - info: Initializing module bncert\r\n[   98.109424] bitnami[515]: 2021-06-21T00:34:04.765Z - info: Initializing module apache\r\n[   98.239508] bitnami[515]: 2021-06-21T00:34:05.024Z - info: Initializing module node\r\n[   98.255152] bitnami[515]: 2021-06-21T00:34:05.042Z - info: Saving configuration info to disk\r\n[   98.267817] bitnami[515]: 2021-06-21T00:34:05.050Z - info: Saving configuration info to disk\r\n[   98.278034] bitnami[515]: ## 2021-06-21 00:34:05+00:00 ## INFO ## Starting services...\r\n[   99.313611] bitnami[515]: 2021-06-21T00:34:06.099Z - info: Saving configuration info to disk\r\n[   99.855634] bitnami[515]: 2021-06-21T00:34:06.642Z - info: Performing service start operation for redis\r\n[  104.892447] bitnami[515]: \u001b[38;5;6mredis \u001b[38;5;5m00:34:11.67 \u001b[0m\u001b[38;5;2mINFO \u001b[0m ==> redis started\r\n[  104.901913] bitnami[515]: 2021-06-21T00:34:11.676Z - info: Performing service start operation for apache\r\n[  110.859301] bitnami[515]: \u001b[38;5;6mapache \u001b[38;5;5m00:34:17.64 \u001b[0m\u001b[38;5;2mINFO \u001b[0m ==> apache started\r\n[  111.063370] bitnami[515]: 2021-06-21T00:34:17.850Z - info: Starting gonit monitoring service\r\n[  114.468600] bitnami[515]: 2021-06-21T00:34:21.253Z - info: Start monitoring all services from gonit\r\n[  114.495175] bitnami[515]: ## 2021-06-21 00:34:21+00:00 ## INFO ## Running /opt/bitnami/var/init/post-start/010_bitnami_agent_extra...\r\n[  114.536110] bitnami[515]: ## 2021-06-21 00:34:21+00:00 ## INFO ## Running /opt/bitnami/var/init/post-start/020_bitnami_agent...\r\n[\u001b[0;32m  OK  \u001b[0m] Created slice \u001b[0;1;39mUser Slice of UID 1000\u001b[0m.\r\n         Starting \u001b[0;1;39mUser Runtime Directory /run/user/1000\u001b[0m...\r\n[\u001b[0;32m  OK  \u001b[0m] Started \u001b[0;1;39mUser Runtime Directory /run/user/1000\u001b[0m.\r\n         Starting \u001b[0;1;39mUser Manager for UID 1000\u001b[0m...\r\n[\u001b[0;32m  OK  \u001b[0m] Started \u001b[0;1;39mUser Manager for UID 1000\u001b[0m.\r\n[\u001b[0;32m  OK  \u001b[0m] Started \u001b[0;1;39mSession c1 of user bitnami\u001b[0m.\r\n[  115.392995] bitnami[515]: ## 2021-06-21 00:34:22+00:00 ## INFO ## Running /opt/bitnami/var/init/post-start/030_update_welcome_file...\r\n[  115.409553] bitnami[515]: ## 2021-06-21 00:34:22+00:00 ## INFO ## Running /opt/bitnami/var/init/post-start/040_bitnami_credentials_file...\r\n[  115.470261] bitnami[515]: ## 2021-06-21 00:34:22+00:00 ## INFO ## Running /opt/bitnami/var/init/post-start/050_clean_metadata...\r\n[\u001b[0;32m  OK  \u001b[0m] Started \u001b[0;1;39mLSB: bitnami init script\u001b[0m.\r\n[\u001b[0;32m  OK  \u001b[0m] Reached target \u001b[0;1;39mMulti-User System\u001b[0m.\r\n         Starting \u001b[0;1;39mExecute cloud user/final scripts\u001b[0m...\r\n[\u001b[0;32m  OK  \u001b[0m] Reached target \u001b[0;1;39mGraphical Interface\u001b[0m.\r\n         Starting \u001b[0;1;39mUpdate UTMP about System Runlevel Changes\u001b[0m...\r\n[\u001b[0;32m  OK  \u001b[0m] Started \u001b[0;1;39mUpdate UTMP about System Runlevel Changes\u001b[0m.\r\n[  116.571848] cloud-init[1394]: Get:1 http://security.debian.org/debian-security buster/updates InRelease [65.4 kB]\r\n[  116.611931] cloud-init[1394]: Get:2 http://cdn-aws.deb.debian.org/debian buster InRelease [122 kB]\r\n[  116.634473] cloud-init[1394]: Get:3 http://cdn-aws.deb.debian.org/debian buster-updates InRelease [51.9 kB]\r\n[  116.648531] cloud-init[1394]: Get:4 http://cdn-aws.deb.debian.org/debian buster-backports InRelease [46.7 kB]\r\n[  116.914993] cloud-init[1394]: Get:5 http://security.debian.org/debian-security buster/updates/main Sources [188 kB]\r\n[  116.947971] cloud-init[1394]: Get:6 http://security.debian.org/debian-security buster/updates/main amd64 Packages [293 kB]\r\n[  116.971592] cloud-init[1394]: Get:7 http://security.debian.org/debian-security buster/updates/main Translation-en [152 kB]\r\n[  117.148917] cloud-init[1394]: Get:8 http://cdn-aws.deb.debian.org/debian buster/main Sources [7,836 kB]\r\n[  117.549045] cloud-init[1394]: Get:9 http://cdn-aws.deb.debian.org/debian buster-backports/main Sources.diff/Index [27.8 kB]\r\n[  117.568547] cloud-init[1394]: Get:10 http://cdn-aws.deb.debian.org/debian buster-backports/main amd64 Packages.diff/Index [27.8 kB]\r\n[  117.593295] cloud-init[1394]: Get:11 http://cdn-aws.deb.debian.org/debian buster-backports/main Translation-en.diff/Index [27.8 kB]\r\n[  117.987476] cloud-init[1394]: Get:12 http://cdn-aws.deb.debian.org/debian buster-backports/main Sources 2021-06-18-0801.45.pdiff [16.4 kB]\r\n[  118.400681] cloud-init[1394]: Get:13 http://cdn-aws.deb.debian.org/debian buster-backports/main Sources 2021-06-18-1408.31.pdiff [59 B]\r\n[  118.738368] cloud-init[1394]: Get:14 http://cdn-aws.deb.debian.org/debian buster-backports/main Sources 2021-06-18-2001.48.pdiff [44 B]\r\n[  119.230130] cloud-init[1394]: Get:15 http://cdn-aws.deb.debian.org/debian buster-backports/main Sources 2021-06-19-0202.02.pdiff [33 B]\r\n[  119.454766] cloud-init[1394]: Get:16 http://cdn-aws.deb.debian.org/debian buster-backports/main Sources 2021-06-19-0801.38.pdiff [43 B]\r\n[  119.567278] cloud-init[1394]: Get:16 http://cdn-aws.deb.debian.org/debian buster-backports/main Sources 2021-06-19-0801.38.pdiff [43 B]\r\n[  119.928175] cloud-init[1394]: Get:17 http://cdn-aws.deb.debian.org/debian buster-backports/main amd64 Packages 2021-06-18-0801.45.pdiff [7,848 B]\r\n[  120.317311] cloud-init[1394]: Get:18 http://cdn-aws.deb.debian.org/debian buster-backports/main amd64 Packages 2021-06-18-1408.31.pdiff [5,865 B]\r\n[  120.544362] cloud-init[1394]: Get:19 http://cdn-aws.deb.debian.org/debian buster-backports/main amd64 Packages 2021-06-18-2001.48.pdiff [3,889 B]\r\n[  120.557548] cloud-init[1394]: Get:19 http://cdn-aws.deb.debian.org/debian buster-backports/main amd64 Packages 2021-06-18-2001.48.pdiff [3,889 B]\r\n[  120.754599] cloud-init[1394]: Get:20 http://cdn-aws.deb.debian.org/debian buster-backports/main Translation-en 2021-06-18-0801.45.pdiff [6,170 B]\r\n[  121.177637] cloud-init[1394]: Get:21 http://cdn-aws.deb.debian.org/debian buster-backports/main Translation-en 2021-06-18-1408.31.pdiff [871 B]\r\n[  121.195975] cloud-init[1394]: Get:21 http://cdn-aws.deb.debian.org/debian buster-backports/main Translation-en 2021-06-18-1408.31.pdiff [871 B]\r\n[  121.218374] cloud-init[1394]: Get:22 http://cdn-aws.deb.debian.org/debian buster/main amd64 Packages [7,907 kB]\r\n[  121.748470] cloud-init[1394]: Get:23 http://cdn-aws.deb.debian.org/debian buster/main Translation-en [5,968 kB]\r\n[  124.218986] cloud-init[1394]: Fetched 22.8 MB in 8s (2,964 kB/s)\r\n[  125.028915] cloud-init[1394]: Reading package lists...\r\n[  125.114813] cloud-init[1394]: Reading package lists...\r\n[  125.247810] cloud-init[1394]: Building dependency tree...\r\n[  125.256879] cloud-init[1394]: Reading state information...\r\n[  125.369958] cloud-init[1394]: The following additional packages will be installed:\r\n[  125.378357] cloud-init[1394]:   git-man liberror-perl\r\n[  125.389185] cloud-init[1394]: Suggested packages:\r\n[  125.394421] cloud-init[1394]:   git-daemon-run | git-daemon-sysvinit git-doc git-el git-email git-gui gitk\r\n[  125.412629] cloud-init[1394]:   gitweb git-cvs git-mediawiki git-svn\r\n[  125.421658] cloud-init[1394]: The following NEW packages will be installed:\r\n[  125.429409] cloud-init[1394]:   git git-man liberror-perl\r\n[  125.447520] cloud-init[1394]: 0 upgraded, 3 newly installed, 0 to remove and 13 not upgraded.\r\n[  125.454521] cloud-init[1394]: Need to get 7,284 kB of archives.\r\n[  125.459663] cloud-init[1394]: After this operation, 38.0 MB of additional disk space will be used.\r\n[  125.466575] cloud-init[1394]: Get:1 http://cdn-aws.deb.debian.org/debian buster/main amd64 liberror-perl all 0.17027-2 [30.9 kB]\r\n[  125.474803] cloud-init[1394]: Get:2 http://cdn-aws.deb.debian.org/debian buster/main amd64 git-man all 1:2.20.1-2+deb10u3 [1,620 kB]\r\n[  125.730064] cloud-init[1394]: Get:3 http://cdn-aws.deb.debian.org/debian buster/main amd64 git amd64 1:2.20.1-2+deb10u3 [5,633 kB]\r\n         Stopping \u001b[0;1;39mUser Manager for UID 1000\u001b[0m...\r\n[\u001b[0;32m  OK  \u001b[0m] Stopped \u001b[0;1;39mUser Manager for UID 1000\u001b[0m.\r\n         Stopping \u001b[0;1;39mUser Runtime Directory /run/user/1000\u001b[0m...\r\n[\u001b[0;32m  OK  \u001b[0m] Stopped \u001b[0;1;39mUser Runtime Directory /run/user/1000\u001b[0m.\r\n[\u001b[0;32m  OK  \u001b[0m] Removed slice \u001b[0;1;39mUser Slice of UID 1000\u001b[0m.\r\n[  127.285158] cloud-init[1394]: dpkg-preconfigure: unable to re-open stdin: No such file or directory\r\n[  127.311662] cloud-init[1394]: Fetched 7,284 kB in 1s (7,303 kB/s)\r\n[  127.642435] cloud-init[1394]: Selecting previously unselected package liberror-perl.\r\n[  131.905712] cloud-init[1394]: (Reading database ... \r(Reading database ... 5%\r(Reading database ... 10%\r(Reading database ... 15%\r(Reading database ... 20%\r(Reading database ... 25%\r(Reading database ... 30%\r(Reading database ... 35%\r(Reading database ... 40%\r(Reading database ... 45%\r(Reading database ... 50%\r(Reading database ... 55%\r(Reading database ... 60%\r(Reading database ... 65%\r(Reading database ... 70%\r(Reading database ... 75%\r(Reading database ... 80%\r(Reading database ... 85%\r(Reading database ... 90%\r(Reading database ... 95%\r(Reading database ... 100%\r(Reading database ... 33376 files and directories currently installed.)\r\n[  131.939582] cloud-init[1394]: Preparing to unpack .../liberror-perl_0.17027-2_all.deb ...\r\n[  132.444239] cloud-init[1394]: Unpacking liberror-perl (0.17027-2) ...\r\n[  134.213306] cloud-init[1394]: Selecting previously unselected package git-man.\r\n[  134.221618] cloud-init[1394]: Preparing to unpack .../git-man_1%3a2.20.1-2+deb10u3_all.deb ...\r\n[  134.228500] cloud-init[1394]: Unpacking git-man (1:2.20.1-2+deb10u3) ...\r\n[  134.500987] cloud-init[1394]: Selecting previously unselected package git.\r\n[  134.506753] cloud-init[1394]: Preparing to unpack .../git_1%3a2.20.1-2+deb10u3_amd64.deb ...\r\n[  134.527714] cloud-init[1394]: Unpacking git (1:2.20.1-2+deb10u3) ...\r\n[  136.964580] cloud-init[1394]: Setting up liberror-perl (0.17027-2) ...\r\n[  136.981854] cloud-init[1394]: Setting up git-man (1:2.20.1-2+deb10u3) ...\r\n[  136.998167] cloud-init[1394]: Setting up git (1:2.20.1-2+deb10u3) ...\r\n[  137.029997] cloud-init[1394]: Processing triggers for man-db (2.8.5-2) ...\r\n[  139.252468] cloud-init[1394]: Cloning into '/home/bitnami/hbfl'...\r\n[  176.271885] cloud-init[1394]: npm WARN hbfl@2.0.0 No repository field.\r\n[  176.288799] cloud-init[1394]: npm WARN optional SKIPPING OPTIONAL DEPENDENCY: fsevents@1.2.13 (node_modules/fsevents):\r\n[  176.302170] cloud-init[1394]: npm WARN notsup SKIPPING OPTIONAL DEPENDENCY: Unsupported platform for fsevents@1.2.13: wanted {\"os\":\"darwin\",\"arch\":\"any\"} (current: {\"os\":\"linux\",\"arch\":\"x64\"})\r\n[  176.328768] cloud-init[1394]: added 1079 packages from 565 contributors and audited 1085 packages in 28.398s\r\n[  177.010439] cloud-init[1394]: 76 packages are looking for funding\r\n[  177.024949] cloud-init[1394]:   run `npm fund` for details\r\n[  177.042100] cloud-init[1394]: found 68 vulnerabilities (9 low, 52 moderate, 7 high)\r\n[  177.048296] cloud-init[1394]:   run `npm audit fix` to fix them, or `npm audit` for details\r\n[  1",
    "Timestamp": "2021-06-21T00:35:26+00:00"
}
